#
# There is insufficient memory for the Java Runtime Environment to continue.
# Native memory allocation (malloc) failed to allocate 112896 bytes. Error detail: Chunk::new
# Possible reasons:
#   The system is out of physical RAM or swap space
#   This process is running with CompressedOops enabled, and the Java Heap may be blocking the growth of the native heap
# Possible solutions:
#   Reduce memory load on the system
#   Increase physical memory or swap space
#   Check if swap backing store is full
#   Decrease Java heap size (-Xmx/-Xms)
#   Decrease number of Java threads
#   Decrease Java thread stack sizes (-Xss)
#   Set larger code cache with -XX:ReservedCodeCacheSize=
#   JVM is running with Unscaled Compressed Oops mode in which the Java heap is
#     placed in the first 4GB address space. The Java Heap base address is the
#     maximum limit for the native heap growth. Please use -XX:HeapBaseMinAddress
#     to set the Java Heap base and to place the Java Heap above 4GB virtual address.
# This output file may be truncated or incomplete.
#
#  Out of Memory Error (arena.cpp:168), pid=5784, tid=17228
#
# JRE version: OpenJDK Runtime Environment (21.0.5) (build 21.0.5+-13047016-b750.29)
# Java VM: OpenJDK 64-Bit Server VM (21.0.5+-13047016-b750.29, mixed mode, tiered, compressed oops, compressed class ptrs, g1 gc, windows-amd64)
# No core dump will be written. Minidumps are not enabled by default on client versions of Windows
#

---------------  S U M M A R Y ------------

Command Line: -Dorg.gradle.appname=gradlew org.gradle.wrapper.GradleWrapperMain -q -Ptarget-platform=android-x64 -Ptarget=C:\Users\jedey\CascadeProjects\villahermosa_inventory_system\lib\main.dart -Pbase-application-name=android.app.Application -Pdart-obfuscation=false -Ptrack-widget-creation=true -Ptree-shake-icons=false -Pfilesystem-scheme=org-dartlang-root assembleDebug

Host: 13th Gen Intel(R) Core(TM) i5-13420H, 12 cores, 7G,  Windows 11 , 64 bit Build 26100 (10.0.26100.7623)
Time: Thu Feb 12 13:04:01 2026 Malay Peninsula Standard Time elapsed time: 3.138203 seconds (0d 0h 0m 3s)

---------------  T H R E A D  ---------------

Current thread (0x00000176510a0e30):  JavaThread "C2 CompilerThread0" daemon [_thread_in_native, id=17228, stack(0x00000040c9300000,0x00000040c9400000) (1024K)]


Current CompileTask:
C2:3138  671       4       java.util.HashMap::put (13 bytes)

Stack: [0x00000040c9300000,0x00000040c9400000]
Native frames: (J=compiled Java code, j=interpreted, Vv=VM code, C=native code)
V  [jvm.dll+0x6cfb29]
V  [jvm.dll+0x85df93]
V  [jvm.dll+0x8604ee]
V  [jvm.dll+0x860bd3]
V  [jvm.dll+0x27e6b6]
V  [jvm.dll+0xbff6d]
V  [jvm.dll+0xc04a3]
V  [jvm.dll+0x2f2750]
V  [jvm.dll+0x5fa0c9]
V  [jvm.dll+0x250d62]
V  [jvm.dll+0x24956d]
V  [jvm.dll+0x24712e]
V  [jvm.dll+0x1c5ee4]
V  [jvm.dll+0x25697c]
V  [jvm.dll+0x254ec6]
V  [jvm.dll+0x3f0ce6]
V  [jvm.dll+0x806368]
V  [jvm.dll+0x6ce3fd]
C  [ucrtbase.dll+0x37b0]
C  [KERNEL32.DLL+0x2e8d7]
C  [ntdll.dll+0x8c53c]


---------------  P R O C E S S  ---------------

Threads class SMR info:
_java_thread_list=0x000001765125fdf0, length=11, elements={
0x00000176330c7240, 0x0000017651077f30, 0x0000017651078980, 0x0000017651079f80,
0x0000017651096ec0, 0x0000017651097520, 0x0000017651097f70, 0x00000176510a0e30,
0x00000176510c4f00, 0x000001765125c760, 0x00000176512727e0
}

Java Threads: ( => current thread )
  0x00000176330c7240 JavaThread "main"                              [_thread_in_Java, id=22728, stack(0x00000040c8500000,0x00000040c8600000) (1024K)]
  0x0000017651077f30 JavaThread "Reference Handler"          daemon [_thread_blocked, id=2392, stack(0x00000040c8d00000,0x00000040c8e00000) (1024K)]
  0x0000017651078980 JavaThread "Finalizer"                  daemon [_thread_blocked, id=1612, stack(0x00000040c8e00000,0x00000040c8f00000) (1024K)]
  0x0000017651079f80 JavaThread "Signal Dispatcher"          daemon [_thread_blocked, id=17232, stack(0x00000040c8f00000,0x00000040c9000000) (1024K)]
  0x0000017651096ec0 JavaThread "Attach Listener"            daemon [_thread_blocked, id=4824, stack(0x00000040c9000000,0x00000040c9100000) (1024K)]
  0x0000017651097520 JavaThread "Service Thread"             daemon [_thread_blocked, id=20492, stack(0x00000040c9100000,0x00000040c9200000) (1024K)]
  0x0000017651097f70 JavaThread "Monitor Deflation Thread"   daemon [_thread_blocked, id=23200, stack(0x00000040c9200000,0x00000040c9300000) (1024K)]
=>0x00000176510a0e30 JavaThread "C2 CompilerThread0"         daemon [_thread_in_native, id=17228, stack(0x00000040c9300000,0x00000040c9400000) (1024K)]
  0x00000176510c4f00 JavaThread "C1 CompilerThread0"         daemon [_thread_blocked, id=22540, stack(0x00000040c9400000,0x00000040c9500000) (1024K)]
  0x000001765125c760 JavaThread "Notification Thread"        daemon [_thread_blocked, id=15916, stack(0x00000040c9500000,0x00000040c9600000) (1024K)]
  0x00000176512727e0 JavaThread "Common-Cleaner"             daemon [_thread_blocked, id=21984, stack(0x00000040c9600000,0x00000040c9700000) (1024K)]
Total: 11

Other Threads:
  0x000001764cd81f60 VMThread "VM Thread"                           [id=22532, stack(0x00000040c8c00000,0x00000040c8d00000) (1024K)]
  0x000001764cd2e6e0 WatcherThread "VM Periodic Task Thread"        [id=16512, stack(0x00000040c8b00000,0x00000040c8c00000) (1024K)]
  0x00000176354107d0 WorkerThread "GC Thread#0"                     [id=23028, stack(0x00000040c8600000,0x00000040c8700000) (1024K)]
  0x0000017651530690 WorkerThread "GC Thread#1"                     [id=8824, stack(0x00000040c9700000,0x00000040c9800000) (1024K)]
  0x00000176516d0ee0 WorkerThread "GC Thread#2"                     [id=23832, stack(0x00000040c9800000,0x00000040c9900000) (1024K)]
  0x00000176517a3ac0 WorkerThread "GC Thread#3"                     [id=24016, stack(0x00000040c9900000,0x00000040c9a00000) (1024K)]
  0x0000017635421050 ConcurrentGCThread "G1 Main Marker"            [id=10256, stack(0x00000040c8700000,0x00000040c8800000) (1024K)]
  0x0000017635425790 WorkerThread "G1 Conc#0"                       [id=12116, stack(0x00000040c8800000,0x00000040c8900000) (1024K)]
  0x000001764cc03190 ConcurrentGCThread "G1 Refine#0"               [id=23428, stack(0x00000040c8900000,0x00000040c8a00000) (1024K)]
  0x000001764cc039b0 ConcurrentGCThread "G1 Service"                [id=8996, stack(0x00000040c8a00000,0x00000040c8b00000) (1024K)]
Total: 10

Threads with active compile tasks:
C2 CompilerThread0  3191  671       4       java.util.HashMap::put (13 bytes)
Total: 1

VM state: not at safepoint (normal execution)

VM Mutex/Monitor currently owned by a thread: None

Heap address: 0x0000000084a00000, size: 1974 MB, Compressed Oops mode: 32-bit

CDS archive(s) not mapped
Compressed class space mapped at: 0x0000000100000000-0x0000000140000000, reserved size: 1073741824
Narrow klass base: 0x0000000000000000, Narrow klass shift: 3, Narrow klass range: 0x140000000

GC Precious Log:
 CardTable entry size: 512
 Card Set container configuration: InlinePtr #cards 5 size 8 Array Of Cards #cards 12 size 40 Howl #buckets 4 coarsen threshold 1843 Howl Bitmap #cards 512 size 80 coarsen threshold 460 Card regions per heap region 1 cards per card region 2048
 CPUs: 12 total, 12 available
 Memory: 7895M
 Large Page Support: Disabled
 NUMA Support: Disabled
 Compressed Oops: Enabled (32-bit)
 Heap Region Size: 1M
 Heap Min Capacity: 8M
 Heap Initial Capacity: 124M
 Heap Max Capacity: 1974M
 Pre-touch: Disabled
 Parallel Workers: 10
 Concurrent Workers: 3
 Concurrent Refinement Workers: 10
 Periodic GC: Disabled

Heap:
 garbage-first heap   total 126976K, used 2864K [0x0000000084a00000, 0x0000000100000000)
  region size 1024K, 4 young (4096K), 2 survivors (2048K)
 Metaspace       used 8597K, committed 8768K, reserved 1114112K
  class space    used 761K, committed 896K, reserved 1048576K

Heap Regions: E=young(eden), S=young(survivor), O=old, HS=humongous(starts), HC=humongous(continues), CS=collection set, F=free, TAMS=top-at-mark-start, PB=parsable bottom
|   0|0x0000000084a00000, 0x0000000084a00000, 0x0000000084b00000|  0%| F|  |TAMS 0x0000000084a00000| PB 0x0000000084a00000| Untracked 
|   1|0x0000000084b00000, 0x0000000084b00000, 0x0000000084c00000|  0%| F|  |TAMS 0x0000000084b00000| PB 0x0000000084b00000| Untracked 
|   2|0x0000000084c00000, 0x0000000084c00000, 0x0000000084d00000|  0%| F|  |TAMS 0x0000000084c00000| PB 0x0000000084c00000| Untracked 
|   3|0x0000000084d00000, 0x0000000084d00000, 0x0000000084e00000|  0%| F|  |TAMS 0x0000000084d00000| PB 0x0000000084d00000| Untracked 
|   4|0x0000000084e00000, 0x0000000084e00000, 0x0000000084f00000|  0%| F|  |TAMS 0x0000000084e00000| PB 0x0000000084e00000| Untracked 
|   5|0x0000000084f00000, 0x0000000084f00000, 0x0000000085000000|  0%| F|  |TAMS 0x0000000084f00000| PB 0x0000000084f00000| Untracked 
|   6|0x0000000085000000, 0x0000000085000000, 0x0000000085100000|  0%| F|  |TAMS 0x0000000085000000| PB 0x0000000085000000| Untracked 
|   7|0x0000000085100000, 0x0000000085100000, 0x0000000085200000|  0%| F|  |TAMS 0x0000000085100000| PB 0x0000000085100000| Untracked 
|   8|0x0000000085200000, 0x0000000085200000, 0x0000000085300000|  0%| F|  |TAMS 0x0000000085200000| PB 0x0000000085200000| Untracked 
|   9|0x0000000085300000, 0x0000000085300000, 0x0000000085400000|  0%| F|  |TAMS 0x0000000085300000| PB 0x0000000085300000| Untracked 
|  10|0x0000000085400000, 0x0000000085400000, 0x0000000085500000|  0%| F|  |TAMS 0x0000000085400000| PB 0x0000000085400000| Untracked 
|  11|0x0000000085500000, 0x0000000085500000, 0x0000000085600000|  0%| F|  |TAMS 0x0000000085500000| PB 0x0000000085500000| Untracked 
|  12|0x0000000085600000, 0x0000000085600000, 0x0000000085700000|  0%| F|  |TAMS 0x0000000085600000| PB 0x0000000085600000| Untracked 
|  13|0x0000000085700000, 0x0000000085700000, 0x0000000085800000|  0%| F|  |TAMS 0x0000000085700000| PB 0x0000000085700000| Untracked 
|  14|0x0000000085800000, 0x0000000085800000, 0x0000000085900000|  0%| F|  |TAMS 0x0000000085800000| PB 0x0000000085800000| Untracked 
|  15|0x0000000085900000, 0x0000000085900000, 0x0000000085a00000|  0%| F|  |TAMS 0x0000000085900000| PB 0x0000000085900000| Untracked 
|  16|0x0000000085a00000, 0x0000000085a00000, 0x0000000085b00000|  0%| F|  |TAMS 0x0000000085a00000| PB 0x0000000085a00000| Untracked 
|  17|0x0000000085b00000, 0x0000000085b00000, 0x0000000085c00000|  0%| F|  |TAMS 0x0000000085b00000| PB 0x0000000085b00000| Untracked 
|  18|0x0000000085c00000, 0x0000000085c00000, 0x0000000085d00000|  0%| F|  |TAMS 0x0000000085c00000| PB 0x0000000085c00000| Untracked 
|  19|0x0000000085d00000, 0x0000000085d00000, 0x0000000085e00000|  0%| F|  |TAMS 0x0000000085d00000| PB 0x0000000085d00000| Untracked 
|  20|0x0000000085e00000, 0x0000000085e00000, 0x0000000085f00000|  0%| F|  |TAMS 0x0000000085e00000| PB 0x0000000085e00000| Untracked 
|  21|0x0000000085f00000, 0x0000000085f00000, 0x0000000086000000|  0%| F|  |TAMS 0x0000000085f00000| PB 0x0000000085f00000| Untracked 
|  22|0x0000000086000000, 0x0000000086000000, 0x0000000086100000|  0%| F|  |TAMS 0x0000000086000000| PB 0x0000000086000000| Untracked 
|  23|0x0000000086100000, 0x0000000086100000, 0x0000000086200000|  0%| F|  |TAMS 0x0000000086100000| PB 0x0000000086100000| Untracked 
|  24|0x0000000086200000, 0x0000000086200000, 0x0000000086300000|  0%| F|  |TAMS 0x0000000086200000| PB 0x0000000086200000| Untracked 
|  25|0x0000000086300000, 0x0000000086300000, 0x0000000086400000|  0%| F|  |TAMS 0x0000000086300000| PB 0x0000000086300000| Untracked 
|  26|0x0000000086400000, 0x0000000086400000, 0x0000000086500000|  0%| F|  |TAMS 0x0000000086400000| PB 0x0000000086400000| Untracked 
|  27|0x0000000086500000, 0x0000000086500000, 0x0000000086600000|  0%| F|  |TAMS 0x0000000086500000| PB 0x0000000086500000| Untracked 
|  28|0x0000000086600000, 0x0000000086600000, 0x0000000086700000|  0%| F|  |TAMS 0x0000000086600000| PB 0x0000000086600000| Untracked 
|  29|0x0000000086700000, 0x0000000086700000, 0x0000000086800000|  0%| F|  |TAMS 0x0000000086700000| PB 0x0000000086700000| Untracked 
|  30|0x0000000086800000, 0x0000000086800000, 0x0000000086900000|  0%| F|  |TAMS 0x0000000086800000| PB 0x0000000086800000| Untracked 
|  31|0x0000000086900000, 0x0000000086900000, 0x0000000086a00000|  0%| F|  |TAMS 0x0000000086900000| PB 0x0000000086900000| Untracked 
|  32|0x0000000086a00000, 0x0000000086a00000, 0x0000000086b00000|  0%| F|  |TAMS 0x0000000086a00000| PB 0x0000000086a00000| Untracked 
|  33|0x0000000086b00000, 0x0000000086b00000, 0x0000000086c00000|  0%| F|  |TAMS 0x0000000086b00000| PB 0x0000000086b00000| Untracked 
|  34|0x0000000086c00000, 0x0000000086c00000, 0x0000000086d00000|  0%| F|  |TAMS 0x0000000086c00000| PB 0x0000000086c00000| Untracked 
|  35|0x0000000086d00000, 0x0000000086d00000, 0x0000000086e00000|  0%| F|  |TAMS 0x0000000086d00000| PB 0x0000000086d00000| Untracked 
|  36|0x0000000086e00000, 0x0000000086e00000, 0x0000000086f00000|  0%| F|  |TAMS 0x0000000086e00000| PB 0x0000000086e00000| Untracked 
|  37|0x0000000086f00000, 0x0000000086f00000, 0x0000000087000000|  0%| F|  |TAMS 0x0000000086f00000| PB 0x0000000086f00000| Untracked 
|  38|0x0000000087000000, 0x0000000087000000, 0x0000000087100000|  0%| F|  |TAMS 0x0000000087000000| PB 0x0000000087000000| Untracked 
|  39|0x0000000087100000, 0x0000000087100000, 0x0000000087200000|  0%| F|  |TAMS 0x0000000087100000| PB 0x0000000087100000| Untracked 
|  40|0x0000000087200000, 0x0000000087200000, 0x0000000087300000|  0%| F|  |TAMS 0x0000000087200000| PB 0x0000000087200000| Untracked 
|  41|0x0000000087300000, 0x0000000087300000, 0x0000000087400000|  0%| F|  |TAMS 0x0000000087300000| PB 0x0000000087300000| Untracked 
|  42|0x0000000087400000, 0x0000000087400000, 0x0000000087500000|  0%| F|  |TAMS 0x0000000087400000| PB 0x0000000087400000| Untracked 
|  43|0x0000000087500000, 0x0000000087500000, 0x0000000087600000|  0%| F|  |TAMS 0x0000000087500000| PB 0x0000000087500000| Untracked 
|  44|0x0000000087600000, 0x0000000087600000, 0x0000000087700000|  0%| F|  |TAMS 0x0000000087600000| PB 0x0000000087600000| Untracked 
|  45|0x0000000087700000, 0x0000000087700000, 0x0000000087800000|  0%| F|  |TAMS 0x0000000087700000| PB 0x0000000087700000| Untracked 
|  46|0x0000000087800000, 0x0000000087800000, 0x0000000087900000|  0%| F|  |TAMS 0x0000000087800000| PB 0x0000000087800000| Untracked 
|  47|0x0000000087900000, 0x0000000087900000, 0x0000000087a00000|  0%| F|  |TAMS 0x0000000087900000| PB 0x0000000087900000| Untracked 
|  48|0x0000000087a00000, 0x0000000087a00000, 0x0000000087b00000|  0%| F|  |TAMS 0x0000000087a00000| PB 0x0000000087a00000| Untracked 
|  49|0x0000000087b00000, 0x0000000087b00000, 0x0000000087c00000|  0%| F|  |TAMS 0x0000000087b00000| PB 0x0000000087b00000| Untracked 
|  50|0x0000000087c00000, 0x0000000087c00000, 0x0000000087d00000|  0%| F|  |TAMS 0x0000000087c00000| PB 0x0000000087c00000| Untracked 
|  51|0x0000000087d00000, 0x0000000087d00000, 0x0000000087e00000|  0%| F|  |TAMS 0x0000000087d00000| PB 0x0000000087d00000| Untracked 
|  52|0x0000000087e00000, 0x0000000087e00000, 0x0000000087f00000|  0%| F|  |TAMS 0x0000000087e00000| PB 0x0000000087e00000| Untracked 
|  53|0x0000000087f00000, 0x0000000087f00000, 0x0000000088000000|  0%| F|  |TAMS 0x0000000087f00000| PB 0x0000000087f00000| Untracked 
|  54|0x0000000088000000, 0x0000000088000000, 0x0000000088100000|  0%| F|  |TAMS 0x0000000088000000| PB 0x0000000088000000| Untracked 
|  55|0x0000000088100000, 0x0000000088100000, 0x0000000088200000|  0%| F|  |TAMS 0x0000000088100000| PB 0x0000000088100000| Untracked 
|  56|0x0000000088200000, 0x0000000088200000, 0x0000000088300000|  0%| F|  |TAMS 0x0000000088200000| PB 0x0000000088200000| Untracked 
|  57|0x0000000088300000, 0x0000000088300000, 0x0000000088400000|  0%| F|  |TAMS 0x0000000088300000| PB 0x0000000088300000| Untracked 
|  58|0x0000000088400000, 0x0000000088400000, 0x0000000088500000|  0%| F|  |TAMS 0x0000000088400000| PB 0x0000000088400000| Untracked 
|  59|0x0000000088500000, 0x0000000088500000, 0x0000000088600000|  0%| F|  |TAMS 0x0000000088500000| PB 0x0000000088500000| Untracked 
|  60|0x0000000088600000, 0x0000000088600000, 0x0000000088700000|  0%| F|  |TAMS 0x0000000088600000| PB 0x0000000088600000| Untracked 
|  61|0x0000000088700000, 0x0000000088700000, 0x0000000088800000|  0%| F|  |TAMS 0x0000000088700000| PB 0x0000000088700000| Untracked 
|  62|0x0000000088800000, 0x0000000088800000, 0x0000000088900000|  0%| F|  |TAMS 0x0000000088800000| PB 0x0000000088800000| Untracked 
|  63|0x0000000088900000, 0x0000000088900000, 0x0000000088a00000|  0%| F|  |TAMS 0x0000000088900000| PB 0x0000000088900000| Untracked 
|  64|0x0000000088a00000, 0x0000000088a00000, 0x0000000088b00000|  0%| F|  |TAMS 0x0000000088a00000| PB 0x0000000088a00000| Untracked 
|  65|0x0000000088b00000, 0x0000000088b00000, 0x0000000088c00000|  0%| F|  |TAMS 0x0000000088b00000| PB 0x0000000088b00000| Untracked 
|  66|0x0000000088c00000, 0x0000000088c00000, 0x0000000088d00000|  0%| F|  |TAMS 0x0000000088c00000| PB 0x0000000088c00000| Untracked 
|  67|0x0000000088d00000, 0x0000000088d00000, 0x0000000088e00000|  0%| F|  |TAMS 0x0000000088d00000| PB 0x0000000088d00000| Untracked 
|  68|0x0000000088e00000, 0x0000000088e00000, 0x0000000088f00000|  0%| F|  |TAMS 0x0000000088e00000| PB 0x0000000088e00000| Untracked 
|  69|0x0000000088f00000, 0x0000000088f00000, 0x0000000089000000|  0%| F|  |TAMS 0x0000000088f00000| PB 0x0000000088f00000| Untracked 
|  70|0x0000000089000000, 0x0000000089000000, 0x0000000089100000|  0%| F|  |TAMS 0x0000000089000000| PB 0x0000000089000000| Untracked 
|  71|0x0000000089100000, 0x0000000089100000, 0x0000000089200000|  0%| F|  |TAMS 0x0000000089100000| PB 0x0000000089100000| Untracked 
|  72|0x0000000089200000, 0x0000000089200000, 0x0000000089300000|  0%| F|  |TAMS 0x0000000089200000| PB 0x0000000089200000| Untracked 
|  73|0x0000000089300000, 0x0000000089300000, 0x0000000089400000|  0%| F|  |TAMS 0x0000000089300000| PB 0x0000000089300000| Untracked 
|  74|0x0000000089400000, 0x0000000089400000, 0x0000000089500000|  0%| F|  |TAMS 0x0000000089400000| PB 0x0000000089400000| Untracked 
|  75|0x0000000089500000, 0x0000000089500000, 0x0000000089600000|  0%| F|  |TAMS 0x0000000089500000| PB 0x0000000089500000| Untracked 
|  76|0x0000000089600000, 0x0000000089600000, 0x0000000089700000|  0%| F|  |TAMS 0x0000000089600000| PB 0x0000000089600000| Untracked 
|  77|0x0000000089700000, 0x0000000089700000, 0x0000000089800000|  0%| F|  |TAMS 0x0000000089700000| PB 0x0000000089700000| Untracked 
|  78|0x0000000089800000, 0x0000000089800000, 0x0000000089900000|  0%| F|  |TAMS 0x0000000089800000| PB 0x0000000089800000| Untracked 
|  79|0x0000000089900000, 0x0000000089900000, 0x0000000089a00000|  0%| F|  |TAMS 0x0000000089900000| PB 0x0000000089900000| Untracked 
|  80|0x0000000089a00000, 0x0000000089a00000, 0x0000000089b00000|  0%| F|  |TAMS 0x0000000089a00000| PB 0x0000000089a00000| Untracked 
|  81|0x0000000089b00000, 0x0000000089b00000, 0x0000000089c00000|  0%| F|  |TAMS 0x0000000089b00000| PB 0x0000000089b00000| Untracked 
|  82|0x0000000089c00000, 0x0000000089c00000, 0x0000000089d00000|  0%| F|  |TAMS 0x0000000089c00000| PB 0x0000000089c00000| Untracked 
|  83|0x0000000089d00000, 0x0000000089d00000, 0x0000000089e00000|  0%| F|  |TAMS 0x0000000089d00000| PB 0x0000000089d00000| Untracked 
|  84|0x0000000089e00000, 0x0000000089e00000, 0x0000000089f00000|  0%| F|  |TAMS 0x0000000089e00000| PB 0x0000000089e00000| Untracked 
|  85|0x0000000089f00000, 0x0000000089f00000, 0x000000008a000000|  0%| F|  |TAMS 0x0000000089f00000| PB 0x0000000089f00000| Untracked 
|  86|0x000000008a000000, 0x000000008a000000, 0x000000008a100000|  0%| F|  |TAMS 0x000000008a000000| PB 0x000000008a000000| Untracked 
|  87|0x000000008a100000, 0x000000008a100000, 0x000000008a200000|  0%| F|  |TAMS 0x000000008a100000| PB 0x000000008a100000| Untracked 
|  88|0x000000008a200000, 0x000000008a200000, 0x000000008a300000|  0%| F|  |TAMS 0x000000008a200000| PB 0x000000008a200000| Untracked 
|  89|0x000000008a300000, 0x000000008a300000, 0x000000008a400000|  0%| F|  |TAMS 0x000000008a300000| PB 0x000000008a300000| Untracked 
|  90|0x000000008a400000, 0x000000008a400000, 0x000000008a500000|  0%| F|  |TAMS 0x000000008a400000| PB 0x000000008a400000| Untracked 
|  91|0x000000008a500000, 0x000000008a500000, 0x000000008a600000|  0%| F|  |TAMS 0x000000008a500000| PB 0x000000008a500000| Untracked 
|  92|0x000000008a600000, 0x000000008a600000, 0x000000008a700000|  0%| F|  |TAMS 0x000000008a600000| PB 0x000000008a600000| Untracked 
|  93|0x000000008a700000, 0x000000008a700000, 0x000000008a800000|  0%| F|  |TAMS 0x000000008a700000| PB 0x000000008a700000| Untracked 
|  94|0x000000008a800000, 0x000000008a800000, 0x000000008a900000|  0%| F|  |TAMS 0x000000008a800000| PB 0x000000008a800000| Untracked 
|  95|0x000000008a900000, 0x000000008a900000, 0x000000008aa00000|  0%| F|  |TAMS 0x000000008a900000| PB 0x000000008a900000| Untracked 
|  96|0x000000008aa00000, 0x000000008aa00000, 0x000000008ab00000|  0%| F|  |TAMS 0x000000008aa00000| PB 0x000000008aa00000| Untracked 
|  97|0x000000008ab00000, 0x000000008ab00000, 0x000000008ac00000|  0%| F|  |TAMS 0x000000008ab00000| PB 0x000000008ab00000| Untracked 
|  98|0x000000008ac00000, 0x000000008ac00000, 0x000000008ad00000|  0%| F|  |TAMS 0x000000008ac00000| PB 0x000000008ac00000| Untracked 
|  99|0x000000008ad00000, 0x000000008adcc010, 0x000000008ae00000| 79%| S|CS|TAMS 0x000000008ad00000| PB 0x000000008ad00000| Complete 
| 100|0x000000008ae00000, 0x000000008af00000, 0x000000008af00000|100%| S|CS|TAMS 0x000000008ae00000| PB 0x000000008ae00000| Complete 
| 101|0x000000008af00000, 0x000000008af00000, 0x000000008b000000|  0%| F|  |TAMS 0x000000008af00000| PB 0x000000008af00000| Untracked 
| 102|0x000000008b000000, 0x000000008b000000, 0x000000008b100000|  0%| F|  |TAMS 0x000000008b000000| PB 0x000000008b000000| Untracked 
| 103|0x000000008b100000, 0x000000008b100000, 0x000000008b200000|  0%| F|  |TAMS 0x000000008b100000| PB 0x000000008b100000| Untracked 
| 104|0x000000008b200000, 0x000000008b200000, 0x000000008b300000|  0%| F|  |TAMS 0x000000008b200000| PB 0x000000008b200000| Untracked 
| 105|0x000000008b300000, 0x000000008b300000, 0x000000008b400000|  0%| F|  |TAMS 0x000000008b300000| PB 0x000000008b300000| Untracked 
| 106|0x000000008b400000, 0x000000008b400000, 0x000000008b500000|  0%| F|  |TAMS 0x000000008b400000| PB 0x000000008b400000| Untracked 
| 107|0x000000008b500000, 0x000000008b500000, 0x000000008b600000|  0%| F|  |TAMS 0x000000008b500000| PB 0x000000008b500000| Untracked 
| 108|0x000000008b600000, 0x000000008b600000, 0x000000008b700000|  0%| F|  |TAMS 0x000000008b600000| PB 0x000000008b600000| Untracked 
| 109|0x000000008b700000, 0x000000008b700000, 0x000000008b800000|  0%| F|  |TAMS 0x000000008b700000| PB 0x000000008b700000| Untracked 
| 110|0x000000008b800000, 0x000000008b800000, 0x000000008b900000|  0%| F|  |TAMS 0x000000008b800000| PB 0x000000008b800000| Untracked 
| 111|0x000000008b900000, 0x000000008b900000, 0x000000008ba00000|  0%| F|  |TAMS 0x000000008b900000| PB 0x000000008b900000| Untracked 
| 112|0x000000008ba00000, 0x000000008ba00000, 0x000000008bb00000|  0%| F|  |TAMS 0x000000008ba00000| PB 0x000000008ba00000| Untracked 
| 113|0x000000008bb00000, 0x000000008bb00000, 0x000000008bc00000|  0%| F|  |TAMS 0x000000008bb00000| PB 0x000000008bb00000| Untracked 
| 114|0x000000008bc00000, 0x000000008bc00000, 0x000000008bd00000|  0%| F|  |TAMS 0x000000008bc00000| PB 0x000000008bc00000| Untracked 
| 115|0x000000008bd00000, 0x000000008bd00000, 0x000000008be00000|  0%| F|  |TAMS 0x000000008bd00000| PB 0x000000008bd00000| Untracked 
| 116|0x000000008be00000, 0x000000008be00000, 0x000000008bf00000|  0%| F|  |TAMS 0x000000008be00000| PB 0x000000008be00000| Untracked 
| 117|0x000000008bf00000, 0x000000008bf00000, 0x000000008c000000|  0%| F|  |TAMS 0x000000008bf00000| PB 0x000000008bf00000| Untracked 
| 118|0x000000008c000000, 0x000000008c000000, 0x000000008c100000|  0%| F|  |TAMS 0x000000008c000000| PB 0x000000008c000000| Untracked 
| 119|0x000000008c100000, 0x000000008c100000, 0x000000008c200000|  0%| F|  |TAMS 0x000000008c100000| PB 0x000000008c100000| Untracked 
| 120|0x000000008c200000, 0x000000008c200000, 0x000000008c300000|  0%| F|  |TAMS 0x000000008c200000| PB 0x000000008c200000| Untracked 
| 121|0x000000008c300000, 0x000000008c300000, 0x000000008c400000|  0%| F|  |TAMS 0x000000008c300000| PB 0x000000008c300000| Untracked 
| 122|0x000000008c400000, 0x000000008c500000, 0x000000008c500000|100%| E|  |TAMS 0x000000008c400000| PB 0x000000008c400000| Complete 
| 123|0x000000008c500000, 0x000000008c600000, 0x000000008c600000|100%| E|CS|TAMS 0x000000008c500000| PB 0x000000008c500000| Complete 

Card table byte_map: [0x0000017647e50000,0x0000017648230000] _byte_map_base: 0x0000017647a2b000

Marking Bits: (CMBitMap*) 0x0000017635410de0
 Bits: [0x0000017648230000, 0x000001764a108000)

Polling page: 0x0000017633080000

Metaspace:

Usage:
  Non-class:      7.65 MB used.
      Class:    761.09 KB used.
       Both:      8.40 MB used.

Virtual space:
  Non-class space:       64.00 MB reserved,       7.69 MB ( 12%) committed,  1 nodes.
      Class space:        1.00 GB reserved,     896.00 KB ( <1%) committed,  1 nodes.
             Both:        1.06 GB reserved,       8.56 MB ( <1%) committed. 

Chunk freelists:
   Non-Class:  8.25 MB
       Class:  15.17 MB
        Both:  23.42 MB

MaxMetaspaceSize: unlimited
CompressedClassSpaceSize: 1.00 GB
Initial GC threshold: 21.00 MB
Current GC threshold: 21.00 MB
CDS: off
 - commit_granule_bytes: 65536.
 - commit_granule_words: 8192.
 - virtual_space_node_default_size: 8388608.
 - enlarge_chunks_in_place: 1.
 - use_allocation_guard: 0.


Internal statistics:

num_allocs_failed_limit: 0.
num_arena_births: 26.
num_arena_deaths: 0.
num_vsnodes_births: 2.
num_vsnodes_deaths: 0.
num_space_committed: 137.
num_space_uncommitted: 0.
num_chunks_returned_to_freelist: 0.
num_chunks_taken_from_freelist: 68.
num_chunk_merges: 0.
num_chunk_splits: 35.
num_chunks_enlarged: 23.
num_inconsistent_stats: 0.

CodeHeap 'non-profiled nmethods': size=120000Kb used=288Kb max_used=288Kb free=119711Kb
 bounds [0x000001763ffe0000, 0x0000017640250000, 0x0000017647510000]
CodeHeap 'profiled nmethods': size=120000Kb used=1141Kb max_used=1141Kb free=118858Kb
 bounds [0x0000017638510000, 0x0000017638780000, 0x000001763fa40000]
CodeHeap 'non-nmethods': size=5760Kb used=1295Kb max_used=1316Kb free=4464Kb
 bounds [0x000001763fa40000, 0x000001763fcb0000, 0x000001763ffe0000]
 total_blobs=1116 nmethods=688 adapters=333
 compilation: enabled
              stopped_count=0, restarted_count=0
 full_count=0

Compilation events (20 events):
Event: 1.095 Thread 0x00000176510c4f00  660       3       sun.nio.fs.NativeBuffers::getNativeBufferFromCache (51 bytes)
Event: 1.095 Thread 0x00000176510c4f00 nmethod 660 0x000001763861a890 code [0x000001763861aaa0, 0x000001763861b1b0]
Event: 1.095 Thread 0x00000176510c4f00  664       3       sun.nio.fs.NativeBuffer::close (5 bytes)
Event: 1.095 Thread 0x00000176510c4f00 nmethod 664 0x000001763861b410 code [0x000001763861b5c0, 0x000001763861b768]
Event: 1.095 Thread 0x00000176510c4f00  659       1       sun.nio.fs.WindowsFileSystem::provider (5 bytes)
Event: 1.095 Thread 0x00000176510c4f00 nmethod 659 0x0000017640025810 code [0x00000176400259a0, 0x0000017640025a68]
Event: 1.097 Thread 0x00000176510c4f00  666       1       sun.nio.fs.NativeBuffer::owner (5 bytes)
Event: 1.097 Thread 0x00000176510c4f00 nmethod 666 0x0000017640025f10 code [0x00000176400260a0, 0x0000017640026168]
Event: 1.100 Thread 0x00000176510a0e30 nmethod 655 0x0000017640026210 code [0x00000176400263e0, 0x0000017640026a38]
Event: 1.100 Thread 0x00000176510a0e30  657       4       java.io.WinNTFileSystem::isSlash (18 bytes)
Event: 1.100 Thread 0x00000176510a0e30 nmethod 657 0x0000017640026d10 code [0x0000017640026ea0, 0x0000017640026f40]
Event: 1.102 Thread 0x00000176510c4f00  667       1       java.util.zip.ZipEntry::getSize (5 bytes)
Event: 1.102 Thread 0x00000176510c4f00 nmethod 667 0x0000017640027010 code [0x00000176400271a0, 0x0000017640027268]
Event: 1.107 Thread 0x00000176510c4f00  668   !   3       jdk.internal.loader.URLClassPath$JarLoader::ensureOpen (36 bytes)
Event: 1.108 Thread 0x00000176510c4f00 nmethod 668 0x000001763861b810 code [0x000001763861ba00, 0x000001763861be20]
Event: 1.115 Thread 0x00000176510c4f00  670       3       java.util.ImmutableCollections$List12::get (35 bytes)
Event: 1.115 Thread 0x00000176510a0e30  671       4       java.util.HashMap::put (13 bytes)
Event: 1.115 Thread 0x00000176510c4f00 nmethod 670 0x000001763861bf90 code [0x000001763861c140, 0x000001763861c3d0]
Event: 1.116 Thread 0x00000176510c4f00  672       1       java.net.URLStreamHandler::getDefaultPort (2 bytes)
Event: 1.116 Thread 0x00000176510c4f00 nmethod 672 0x0000017640027710 code [0x00000176400278a0, 0x0000017640027968]

GC Heap History (2 events):
Event: 1.030 GC heap before
{Heap before GC invocations=0 (full 0):
 garbage-first heap   total 126976K, used 23552K [0x0000000084a00000, 0x0000000100000000)
  region size 1024K, 23 young (23552K), 0 survivors (0K)
 Metaspace       used 8498K, committed 8704K, reserved 1114112K
  class space    used 754K, committed 896K, reserved 1048576K
}
Event: 1.034 GC heap after
{Heap after GC invocations=1 (full 0):
 garbage-first heap   total 126976K, used 1840K [0x0000000084a00000, 0x0000000100000000)
  region size 1024K, 2 young (2048K), 2 survivors (2048K)
 Metaspace       used 8498K, committed 8704K, reserved 1114112K
  class space    used 754K, committed 896K, reserved 1048576K
}

Dll operation events (3 events):
Event: 0.033 Loaded shared library C:\Program Files\Android\Android Studio1\jbr\bin\java.dll
Event: 0.049 Loaded shared library C:\Program Files\Android\Android Studio1\jbr\bin\zip.dll
Event: 0.179 Loaded shared library C:\Program Files\Android\Android Studio1\jbr\bin\verify.dll

Deoptimization events (20 events):
Event: 1.004 Thread 0x00000176330c7240 Uncommon trap: trap_request=0xffffff45 fr.pc=0x0000017640015ccc relative=0x000000000000186c
Event: 1.004 Thread 0x00000176330c7240 Uncommon trap: reason=unstable_if action=reinterpret pc=0x0000017640015ccc method=java.util.HashMap.putVal(ILjava/lang/Object;Ljava/lang/Object;ZZ)Ljava/lang/Object; @ 81 c2
Event: 1.004 Thread 0x00000176330c7240 DEOPT PACKING pc=0x0000017640015ccc sp=0x00000040c85fece0
Event: 1.004 Thread 0x00000176330c7240 DEOPT UNPACKING pc=0x000001763fa946a2 sp=0x00000040c85feba8 mode 2
Event: 1.004 Thread 0x00000176330c7240 Uncommon trap: trap_request=0xffffff45 fr.pc=0x000001764001384c relative=0x000000000000072c
Event: 1.004 Thread 0x00000176330c7240 Uncommon trap: reason=unstable_if action=reinterpret pc=0x000001764001384c method=java.util.HashMap.putVal(ILjava/lang/Object;Ljava/lang/Object;ZZ)Ljava/lang/Object; @ 193 c2
Event: 1.004 Thread 0x00000176330c7240 DEOPT PACKING pc=0x000001764001384c sp=0x00000040c85febf0
Event: 1.004 Thread 0x00000176330c7240 DEOPT UNPACKING pc=0x000001763fa946a2 sp=0x00000040c85feb70 mode 2
Event: 1.038 Thread 0x00000176330c7240 Uncommon trap: trap_request=0xffffff45 fr.pc=0x000001764000fd64 relative=0x0000000000000224
Event: 1.038 Thread 0x00000176330c7240 Uncommon trap: reason=unstable_if action=reinterpret pc=0x000001764000fd64 method=java.io.WinNTFileSystem.normalize(Ljava/lang/String;)Ljava/lang/String; @ 104 c2
Event: 1.038 Thread 0x00000176330c7240 DEOPT PACKING pc=0x000001764000fd64 sp=0x00000040c85fe310
Event: 1.038 Thread 0x00000176330c7240 DEOPT UNPACKING pc=0x000001763fa946a2 sp=0x00000040c85fe298 mode 2
Event: 1.042 Thread 0x00000176330c7240 Uncommon trap: trap_request=0xffffff45 fr.pc=0x0000017640006d68 relative=0x0000000000000848
Event: 1.042 Thread 0x00000176330c7240 Uncommon trap: reason=unstable_if action=reinterpret pc=0x0000017640006d68 method=java.util.zip.ZipFile$Source.checkAndAddEntry(II)I @ 50 c2
Event: 1.042 Thread 0x00000176330c7240 DEOPT PACKING pc=0x0000017640006d68 sp=0x00000040c85fdfb0
Event: 1.042 Thread 0x00000176330c7240 DEOPT UNPACKING pc=0x000001763fa946a2 sp=0x00000040c85fdf20 mode 2
Event: 1.071 Thread 0x00000176330c7240 Uncommon trap: trap_request=0xffffff45 fr.pc=0x000001764000a93c relative=0x000000000000017c
Event: 1.071 Thread 0x00000176330c7240 Uncommon trap: reason=unstable_if action=reinterpret pc=0x000001764000a93c method=java.util.zip.ZipFile$Source.isMetaName([BII)Z @ 43 c2
Event: 1.071 Thread 0x00000176330c7240 DEOPT PACKING pc=0x000001764000a93c sp=0x00000040c85fc700
Event: 1.071 Thread 0x00000176330c7240 DEOPT UNPACKING pc=0x000001763fa946a2 sp=0x00000040c85fc6a8 mode 2

Classes loaded (20 events):
Event: 0.549 Loading class java/util/Collections$UnmodifiableCollection$1
Event: 0.550 Loading class java/util/Collections$UnmodifiableCollection$1 done
Event: 0.551 Loading class java/util/Collections$SingletonSet
Event: 0.551 Loading class java/util/Collections$SingletonSet done
Event: 0.551 Loading class java/util/Collections$1
Event: 0.551 Loading class java/util/Collections$1 done
Event: 0.556 Loading class java/lang/invoke/DirectMethodHandle$Special
Event: 0.556 Loading class java/lang/invoke/DirectMethodHandle$Special done
Event: 1.051 Loading class java/util/TreeSet
Event: 1.051 Loading class java/util/NavigableSet
Event: 1.051 Loading class java/util/SortedSet
Event: 1.051 Loading class java/util/SortedSet done
Event: 1.052 Loading class java/util/NavigableSet done
Event: 1.052 Loading class java/util/TreeSet done
Event: 1.052 Loading class java/util/TreeMap$KeySet
Event: 1.052 Loading class java/util/TreeMap$KeySet done
Event: 1.052 Loading class java/util/TreeMap$KeyIterator
Event: 1.052 Loading class java/util/TreeMap$PrivateEntryIterator
Event: 1.052 Loading class java/util/TreeMap$PrivateEntryIterator done
Event: 1.052 Loading class java/util/TreeMap$KeyIterator done

Classes unloaded (0 events):
No events

Classes redefined (0 events):
No events

Internal exceptions (3 events):
Event: 0.436 Thread 0x00000176330c7240 Exception <a 'java/lang/NoSuchMethodError'{0x000000008c20b2a0}: 'void java.lang.invoke.DirectMethodHandle$Holder.invokeStatic(java.lang.Object, java.lang.Object)'> (0x000000008c20b2a0) 
thrown [s\src\hotspot\share\interpreter\linkResolver.cpp, line 784]
Event: 0.438 Thread 0x00000176330c7240 Exception <a 'java/lang/NoSuchMethodError'{0x000000008c20ed68}: 'void java.lang.invoke.DirectMethodHandle$Holder.invokeSpecial(java.lang.Object, java.lang.Object, java.lang.Object)'> (0x000000008c20ed68) 
thrown [s\src\hotspot\share\interpreter\linkResolver.cpp, line 784]
Event: 0.458 Thread 0x00000176330c7240 Exception <a 'java/lang/NoSuchMethodError'{0x000000008c2633f8}: 'int java.lang.invoke.DirectMethodHandle$Holder.invokeStaticInit(java.lang.Object, java.lang.Object)'> (0x000000008c2633f8) 
thrown [s\src\hotspot\share\interpreter\linkResolver.cpp, line 784]

ZGC Phase Switch (0 events):
No events

VM Operations (6 events):
Event: 0.172 Executing VM operation: HandshakeAllThreads (Deoptimize)
Event: 0.172 Executing VM operation: HandshakeAllThreads (Deoptimize) done
Event: 1.030 Executing VM operation: G1CollectForAllocation (G1 Evacuation Pause)
Event: 1.034 Executing VM operation: G1CollectForAllocation (G1 Evacuation Pause) done
Event: 2.049 Executing VM operation: Cleanup
Event: 2.049 Executing VM operation: Cleanup done

Memory protections (0 events):
No events

Nmethod flushes (0 events):
No events

Events (15 events):
Event: 0.044 Thread 0x00000176330c7240 Thread added: 0x00000176330c7240
Event: 0.116 Thread 0x00000176330c7240 Thread added: 0x0000017651077f30
Event: 0.116 Thread 0x00000176330c7240 Thread added: 0x0000017651078980
Event: 0.117 Thread 0x00000176330c7240 Thread added: 0x0000017651079f80
Event: 0.117 Thread 0x00000176330c7240 Thread added: 0x0000017651096ec0
Event: 0.117 Thread 0x00000176330c7240 Thread added: 0x0000017651097520
Event: 0.117 Thread 0x00000176330c7240 Thread added: 0x0000017651097f70
Event: 0.117 Thread 0x00000176330c7240 Thread added: 0x00000176510a0e30
Event: 0.117 Thread 0x00000176330c7240 Thread added: 0x00000176510c4f00
Event: 0.141 Thread 0x00000176330c7240 Thread added: 0x000001765125c760
Event: 0.145 Thread 0x00000176330c7240 Thread added: 0x00000176512727e0
Event: 0.154 Loaded shared library C:\Program Files\Android\Android Studio1\jbr\bin\net.dll
Event: 0.161 Loaded shared library C:\Program Files\Android\Android Studio1\jbr\bin\nio.dll
Event: 0.169 Loaded shared library C:\Program Files\Android\Android Studio1\jbr\bin\zip.dll
Event: 0.239 Loaded shared library C:\Program Files\Android\Android Studio1\jbr\bin\jimage.dll


Dynamic libraries:
0x00007ff69aee0000 - 0x00007ff69aeea000 	C:\Program Files\Android\Android Studio1\jbr\bin\java.exe
0x00007ffbbe1a0000 - 0x00007ffbbe407000 	C:\WINDOWS\SYSTEM32\ntdll.dll
0x00007ffbbc870000 - 0x00007ffbbc939000 	C:\WINDOWS\System32\KERNEL32.DLL
0x00007ffbbb460000 - 0x00007ffbbb84f000 	C:\WINDOWS\System32\KERNELBASE.dll
0x00007ffbbba20000 - 0x00007ffbbbb6b000 	C:\WINDOWS\System32\ucrtbase.dll
0x00007ffba9b80000 - 0x00007ffba9b98000 	C:\Program Files\Android\Android Studio1\jbr\bin\jli.dll
0x00007ffba1890000 - 0x00007ffba18ab000 	C:\Program Files\Android\Android Studio1\jbr\bin\VCRUNTIME140.dll
0x00007ffbbc280000 - 0x00007ffbbc445000 	C:\WINDOWS\System32\USER32.dll
0x00007ffbbbd90000 - 0x00007ffbbbdb7000 	C:\WINDOWS\System32\win32u.dll
0x00007ffb98060000 - 0x00007ffb982f3000 	C:\WINDOWS\WinSxS\amd64_microsoft.windows.common-controls_6595b64144ccf1df_6.0.26100.7309_none_3e05feeae336a044\COMCTL32.dll
0x00007ffbbc940000 - 0x00007ffbbc96b000 	C:\WINDOWS\System32\GDI32.dll
0x00007ffbbda10000 - 0x00007ffbbdab9000 	C:\WINDOWS\System32\msvcrt.dll
0x00007ffbbb860000 - 0x00007ffbbb98c000 	C:\WINDOWS\System32\gdi32full.dll
0x00007ffbbbce0000 - 0x00007ffbbbd83000 	C:\WINDOWS\System32\msvcp_win.dll
0x00007ffbbd2c0000 - 0x00007ffbbd2f1000 	C:\WINDOWS\System32\IMM32.DLL
0x00007ffbb3050000 - 0x00007ffbb305c000 	C:\Program Files\Android\Android Studio1\jbr\bin\vcruntime140_1.dll
0x00007ffb9f210000 - 0x00007ffb9f29d000 	C:\Program Files\Android\Android Studio1\jbr\bin\msvcp140.dll
0x00007ffae93a0000 - 0x00007ffaea02a000 	C:\Program Files\Android\Android Studio1\jbr\bin\server\jvm.dll
0x00007ffbbc450000 - 0x00007ffbbc504000 	C:\WINDOWS\System32\ADVAPI32.dll
0x00007ffbbc110000 - 0x00007ffbbc1b6000 	C:\WINDOWS\System32\sechost.dll
0x00007ffbbdc70000 - 0x00007ffbbdd88000 	C:\WINDOWS\System32\RPCRT4.dll
0x00007ffbbc040000 - 0x00007ffbbc0b4000 	C:\WINDOWS\System32\WS2_32.dll
0x00007ffba6d00000 - 0x00007ffba6d35000 	C:\WINDOWS\SYSTEM32\WINMM.dll
0x00007ffbb9f20000 - 0x00007ffbb9f7e000 	C:\WINDOWS\SYSTEM32\POWRPROF.dll
0x00007ffb9c610000 - 0x00007ffb9c61b000 	C:\WINDOWS\SYSTEM32\VERSION.dll
0x00007ffbb9f00000 - 0x00007ffbb9f14000 	C:\WINDOWS\SYSTEM32\UMPDC.dll
0x00007ffbba1c0000 - 0x00007ffbba1db000 	C:\WINDOWS\SYSTEM32\kernel.appcore.dll
0x00007ffba17e0000 - 0x00007ffba17ea000 	C:\Program Files\Android\Android Studio1\jbr\bin\jimage.dll
0x00007ffbb89e0000 - 0x00007ffbb8c22000 	C:\WINDOWS\SYSTEM32\DBGHELP.DLL
0x00007ffbbddd0000 - 0x00007ffbbe156000 	C:\WINDOWS\System32\combase.dll
0x00007ffbbd4a0000 - 0x00007ffbbd576000 	C:\WINDOWS\System32\OLEAUT32.dll
0x00007ffb8c660000 - 0x00007ffb8c69c000 	C:\WINDOWS\SYSTEM32\dbgcore.DLL
0x00007ffbbb2f0000 - 0x00007ffbbb395000 	C:\WINDOWS\System32\bcryptPrimitives.dll
0x00007ffba17c0000 - 0x00007ffba17e0000 	C:\Program Files\Android\Android Studio1\jbr\bin\java.dll
0x00007ffba17a0000 - 0x00007ffba17b8000 	C:\Program Files\Android\Android Studio1\jbr\bin\zip.dll
0x00007ffbbcb60000 - 0x00007ffbbd2b3000 	C:\WINDOWS\System32\SHELL32.dll
0x00007ffbbbb70000 - 0x00007ffbbbcda000 	C:\WINDOWS\System32\wintypes.dll
0x00007ffbb8f50000 - 0x00007ffbb97ae000 	C:\WINDOWS\SYSTEM32\windows.storage.dll
0x00007ffbbc580000 - 0x00007ffbbc675000 	C:\WINDOWS\System32\SHCORE.dll
0x00007ffbbc510000 - 0x00007ffbbc576000 	C:\WINDOWS\System32\shlwapi.dll
0x00007ffbbb210000 - 0x00007ffbbb239000 	C:\WINDOWS\SYSTEM32\profapi.dll
0x00007ffba1150000 - 0x00007ffba1160000 	C:\Program Files\Android\Android Studio1\jbr\bin\net.dll
0x00007ffba9830000 - 0x00007ffba9958000 	C:\WINDOWS\SYSTEM32\WINHTTP.dll
0x00007ffbba730000 - 0x00007ffbba79b000 	C:\WINDOWS\system32\mswsock.dll
0x00007ffb9f1f0000 - 0x00007ffb9f206000 	C:\Program Files\Android\Android Studio1\jbr\bin\nio.dll
0x00007ffba1140000 - 0x00007ffba1150000 	C:\Program Files\Android\Android Studio1\jbr\bin\verify.dll

dbghelp: loaded successfully - version: 4.0.5 - missing functions: none
symbol engine: initialized successfully - sym options: 0x614 - pdb path: .;C:\Program Files\Android\Android Studio1\jbr\bin;C:\WINDOWS\SYSTEM32;C:\WINDOWS\WinSxS\amd64_microsoft.windows.common-controls_6595b64144ccf1df_6.0.26100.7309_none_3e05feeae336a044;C:\Program Files\Android\Android Studio1\jbr\bin\server

VM Arguments:
jvm_args: -Dorg.gradle.appname=gradlew 
java_command: org.gradle.wrapper.GradleWrapperMain -q -Ptarget-platform=android-x64 -Ptarget=C:\Users\jedey\CascadeProjects\villahermosa_inventory_system\lib\main.dart -Pbase-application-name=android.app.Application -Pdart-obfuscation=false -Ptrack-widget-creation=true -Ptree-shake-icons=false -Pfilesystem-scheme=org-dartlang-root assembleDebug
java_class_path (initial): C:\Users\jedey\CascadeProjects\villahermosa_inventory_system\android\\gradle\wrapper\gradle-wrapper.jar
Launcher Type: SUN_STANDARD

[Global flags]
     intx CICompilerCount                          = 4                                         {product} {ergonomic}
     uint ConcGCThreads                            = 3                                         {product} {ergonomic}
     uint G1ConcRefinementThreads                  = 10                                        {product} {ergonomic}
   size_t G1HeapRegionSize                         = 1048576                                   {product} {ergonomic}
    uintx GCDrainStackTargetSize                   = 64                                        {product} {ergonomic}
   size_t InitialHeapSize                          = 130023424                                 {product} {ergonomic}
   size_t MarkStackSize                            = 4194304                                   {product} {ergonomic}
   size_t MaxHeapSize                              = 2069889024                                {product} {ergonomic}
   size_t MaxNewSize                               = 1241513984                                {product} {ergonomic}
   size_t MinHeapDeltaBytes                        = 1048576                                   {product} {ergonomic}
   size_t MinHeapSize                              = 8388608                                   {product} {ergonomic}
    uintx NonNMethodCodeHeapSize                   = 5839372                                {pd product} {ergonomic}
    uintx NonProfiledCodeHeapSize                  = 122909434                              {pd product} {ergonomic}
    uintx ProfiledCodeHeapSize                     = 122909434                              {pd product} {ergonomic}
    uintx ReservedCodeCacheSize                    = 251658240                              {pd product} {ergonomic}
     bool SegmentedCodeCache                       = true                                      {product} {ergonomic}
   size_t SoftMaxHeapSize                          = 2069889024                             {manageable} {ergonomic}
     bool UseCompressedOops                        = true                           {product lp64_product} {ergonomic}
     bool UseG1GC                                  = true                                      {product} {ergonomic}
     bool UseLargePagesIndividualAllocation        = false                                  {pd product} {ergonomic}

Logging:
Log output configuration:
 #0: stdout all=warning uptime,level,tags foldmultilines=false
 #1: stderr all=off uptime,level,tags foldmultilines=false

Environment Variables:
JAVA_HOME=C:\Program Files\Android\Android Studio1\jbr
CLASSPATH=C:\Users\jedey\CascadeProjects\villahermosa_inventory_system\android\\gradle\wrapper\gradle-wrapper.jar
PATH=C:\Program Files\Android\Android Studio1\jbr\bin;C:\Program Files (x86)\Common Files\Oracle\Java\java8path;C:\Program Files (x86)\Common Files\Oracle\Java\javapath;C:\Program Files\Eclipse Adoptium\jdk-17.0.15.6-hotspot\bin;C:\Windows\system32;C:\Windows;C:\Windows\System32\Wbem;C:\Windows\System32\WindowsPowerShell\v1.0\;C:\Windows\System32\OpenSSH\;C:\Program Files (x86)\NVIDIA Corporation\PhysX\Common;C:\Program Files\NVIDIA Corporation\NVIDIA NvDLISR;C:\Program Files (x86)\Windows Kits\10\Windows Performance Toolkit\;C:\Program Files\dotnet\;C:\Users\jedey\AppData\Local\Programs\Python\Python312;C:\WINDOWS\system32;C:\WINDOWS;C:\WINDOWS\System32\Wbem;C:\WINDOWS\System32\WindowsPowerShell\v1.0\;C:\WINDOWS\System32\OpenSSH\;C:\Apache\apache-maven-3.9.9-bin\apache-maven-3.9.9\bin;C:\Users\jedey\Downloads\apache-maven-3.9.9-bin\apache-maven-3.9.9\bin;C:\Program Files (x86)\Apache\Maven\apache-maven-3.9.9-bin\apache-maven-3.9.9\bin;C:\Program Files\nodejs\;C:\Program Files\Eclipse Adoptium\jdk-17.0.15.6-hotspot\\bin;C:\Apache\Maven\apache-maven-3.9.9-bin;C:\Program Files\Git\cmd;C:\Program Files\PostgreSQL\17\bin;C:\Program Files\Polyspace\R2020a\runtime\win64;C:\Program Files\Polyspace\R2020a\bin;C:\Program Files\Polyspace\R2020a\polyspace\bin;C:\Users\jedey\AppData\Local\Programs\Python\Python312\Scripts\;C:\Users\jedey\AppData\Local\Programs\Python\Python312\;C:\Users\jedey\AppData\Local\Programs\Python\Launcher\;C:\Users\jedey\AppData\Local\Microsoft\WindowsApps;C:\Users\jedey\AppData\Local\Programs\Microsoft VS Code\bin;C:\Users\jedey\AppData\Local\Programs\Python\Python312;C:\Users\jedey\AppData\Local\Programs\Python\Python312\Scripts;C:\Apache\apache-maven-3.9.9-bin;C:\Users\jedey\AppData\Roaming\npm;C:\Users\jedey\AppData\Local\Android\Sdk\bin;C:\src\flutter\bin;;C:\intelFPGA\20.1\modelsim_ase\win32aloem;C:\Users\jedey\AppData\Local\Programs\Windsurf\bin;C:\Users\jedey\.dotnet\tools;C:\Users\jedey\Downloads\flutter_windows_3.29.2-stable\flutter\bin\mingit\cmd;C:\Users\jedey\Downloads\flutter_windows_3.29.2-stable\flutter\bin\mingit\cmd
USERNAME=jedey
OS=Windows_NT
PROCESSOR_IDENTIFIER=Intel64 Family 6 Model 186 Stepping 2, GenuineIntel
TMP=C:\Users\jedey\AppData\Local\Temp
TEMP=C:\Users\jedey\AppData\Local\Temp




Periodic native trim disabled

JNI global refs:
JNI global refs: 8, weak refs: 0

JNI global refs memory usage: 835, weak refs: 201

Process memory usage:
Resident Set Size: 72172K (0% of 8085368K total physical memory with 41792K free physical memory)

OOME stack traces (most recent first):
Classloader memory used:
Loader bootstrap                                                                       : 8224K
Loader java.net.URLClassLoader                                                         : 233K
Loader jdk.internal.loader.ClassLoaders$AppClassLoader                                 : 146K
Loader org.gradle.internal.classloader.VisitableURLClassLoader                         : 1552B

---------------  S Y S T E M  ---------------

OS:
 Windows 11 , 64 bit Build 26100 (10.0.26100.7623)
OS uptime: 0 days 2:48 hours

CPU: total 12 (initial active 12) (6 cores per cpu, 2 threads per core) family 6 model 186 stepping 2 microcode 0x5103, cx8, cmov, fxsr, ht, mmx, 3dnowpref, sse, sse2, sse3, ssse3, sse4.1, sse4.2, popcnt, lzcnt, tsc, tscinvbit, avx, avx2, aes, erms, clmul, bmi1, bmi2, adx, sha, fma, vzeroupper, clflush, clflushopt, clwb, serialize, rdtscp, rdpid, fsrm, f16c, pku, cet_ibt, cet_ss
Processor Information for all 12 processors :
  Max Mhz: 2100, Current Mhz: 2100, Mhz Limit: 2100

Memory: 4k page, system-wide physical 7895M (41M free)
TotalPageFile size 24279M (AvailPageFile size 6M)
current process WorkingSet (physical memory assigned to process): 70M, peak: 70M
current process commit charge ("private bytes"): 212M, peak: 214M

vm_info: OpenJDK 64-Bit Server VM (21.0.5+-13047016-b750.29) for windows-amd64 JRE (21.0.5+-13047016-b750.29), built on 2025-02-11T21:12:39Z by "builder" with MS VC++ 16.10 / 16.11 (VS2019)

END.
